

================================================================
== Vitis HLS Report for 'my_window_Pipeline_BASE'
================================================================
* Date:           Thu Jul  2 09:24:44 2026

* Version:        2023.2 (Build 4023990 on Oct 11 2023)
* Project:        my_window_proj
* Solution:       solution1 (Vivado IP Flow Target)
* Product family: virtexuplus
* Target device:  xcu250-figd2104-2L-e


================================================================
== Performance Estimates
================================================================
+ Timing: 
    * Summary: 
    +--------+----------+----------+------------+
    |  Clock |  Target  | Estimated| Uncertainty|
    +--------+----------+----------+------------+
    |ap_clk  |  10.00 ns|  6.977 ns|     2.70 ns|
    +--------+----------+----------+------------+

+ Latency: 
    * Summary: 
    +---------+---------+----------+----------+-----+-----+---------+
    |  Latency (cycles) |  Latency (absolute) |  Interval | Pipeline|
    |   min   |   max   |    min   |    max   | min | max |   Type  |
    +---------+---------+----------+----------+-----+-----+---------+
    |       88|       88|  0.880 us|  0.880 us|   88|   88|       no|
    +---------+---------+----------+----------+-----+-----+---------+

    + Detail: 
        * Instance: 
        N/A

        * Loop: 
        +----------+---------+---------+----------+-----------+-----------+------+----------+
        |          |  Latency (cycles) | Iteration|  Initiation Interval  | Trip |          |
        | Loop Name|   min   |   max   |  Latency |  achieved |   target  | Count| Pipelined|
        +----------+---------+---------+----------+-----------+-----------+------+----------+
        |- BASE    |       86|       86|         3|          1|          1|    84|       yes|
        +----------+---------+---------+----------+-----------+-----------+------+----------+



================================================================
== Utilization Estimates
================================================================
* Summary: 
+---------------------+---------+-------+---------+---------+------+
|         Name        | BRAM_18K|  DSP  |    FF   |   LUT   | URAM |
+---------------------+---------+-------+---------+---------+------+
|DSP                  |        -|      -|        -|        -|     -|
|Expression           |        -|      -|        0|      722|     -|
|FIFO                 |        -|      -|        -|        -|     -|
|Instance             |        -|      -|        -|        -|     -|
|Memory               |        -|      -|        -|        -|     -|
|Multiplexer          |        -|      -|        -|       45|     -|
|Register             |        -|      -|     1858|        -|     -|
+---------------------+---------+-------+---------+---------+------+
|Total                |        0|      0|     1858|      767|     0|
+---------------------+---------+-------+---------+---------+------+
|Available SLR        |     1344|   3072|   864000|   432000|   320|
+---------------------+---------+-------+---------+---------+------+
|Utilization SLR (%)  |        0|      0|       ~0|       ~0|     0|
+---------------------+---------+-------+---------+---------+------+
|Available            |     5376|  12288|  3456000|  1728000|  1280|
+---------------------+---------+-------+---------+---------+------+
|Utilization (%)      |        0|      0|       ~0|       ~0|     0|
+---------------------+---------+-------+---------+---------+------+

+ Detail: 
    * Instance: 
    N/A

    * DSP: 
    N/A

    * Memory: 
    N/A

    * FIFO: 
    N/A

    * Expression: 
    +------------------------------+----------+----+---+----+------------+------------+
    |         Variable Name        | Operation| DSP| FF| LUT| Bitwidth P0| Bitwidth P1|
    +------------------------------+----------+----+---+----+------------+------------+
    |add_ln182_fu_3725_p2          |         +|   0|  0|  15|           8|           2|
    |add_ln195_fu_3916_p2          |         +|   0|  0|  18|          10|          10|
    |add_ln196_fu_4768_p2          |         +|   0|  0|  18|          10|          10|
    |base_172_fu_3922_p2           |         +|   0|  0|  18|          10|          10|
    |run_fu_4774_p2                |         +|   0|  0|  18|          10|          10|
    |s0_14_fu_3736_p2              |         +|   0|  0|  17|          10|          10|
    |s0_15_fu_3743_p2              |         +|   0|  0|  17|          10|          10|
    |s0_16_fu_3750_p2              |         +|   0|  0|  17|          10|          10|
    |s0_17_fu_3757_p2              |         +|   0|  0|  17|          10|          10|
    |s0_18_fu_3764_p2              |         +|   0|  0|  17|          10|          10|
    |s0_19_fu_3771_p2              |         +|   0|  0|  17|          10|          10|
    |s0_20_fu_3778_p2              |         +|   0|  0|  17|          10|          10|
    |s0_21_fu_3784_p2              |         +|   0|  0|  17|          10|          10|
    |s0_22_fu_3841_p2              |         +|   0|  0|  17|          10|          10|
    |s0_23_fu_3847_p2              |         +|   0|  0|  17|          10|          10|
    |s0_24_fu_3854_p2              |         +|   0|  0|  17|          10|          10|
    |s0_25_fu_3861_p2              |         +|   0|  0|  17|          10|          10|
    |s0_26_fu_3868_p2              |         +|   0|  0|  17|          10|          10|
    |s1_14_fu_3790_p2              |         +|   0|  0|  17|          10|          10|
    |s1_15_fu_3797_p2              |         +|   0|  0|  17|          10|          10|
    |s1_16_fu_3804_p2              |         +|   0|  0|  17|          10|          10|
    |s1_17_fu_3811_p2              |         +|   0|  0|  17|          10|          10|
    |s1_18_fu_3818_p2              |         +|   0|  0|  17|          10|          10|
    |s1_19_fu_3825_p2              |         +|   0|  0|  17|          10|          10|
    |s1_20_fu_3832_p2              |         +|   0|  0|  17|          10|          10|
    |s1_21_fu_3875_p2              |         +|   0|  0|  17|          10|          10|
    |s1_22_fu_3881_p2              |         +|   0|  0|  17|          10|          10|
    |s1_23_fu_3888_p2              |         +|   0|  0|  17|          10|          10|
    |s1_24_fu_3895_p2              |         +|   0|  0|  17|          10|          10|
    |s1_25_fu_3902_p2              |         +|   0|  0|  17|          10|          10|
    |s1_26_fu_3909_p2              |         +|   0|  0|  17|          10|          10|
    |ap_predicate_pred1533_state3  |       and|   0|  0|   2|           1|           1|
    |ap_predicate_pred1548_state3  |       and|   0|  0|   2|           1|           1|
    |ap_predicate_pred1560_state3  |       and|   0|  0|   2|           1|           1|
    |ap_predicate_pred1572_state3  |       and|   0|  0|   2|           1|           1|
    |ap_predicate_pred1584_state3  |       and|   0|  0|   2|           1|           1|
    |ap_predicate_pred1596_state3  |       and|   0|  0|   2|           1|           1|
    |ap_predicate_pred1608_state3  |       and|   0|  0|   2|           1|           1|
    |ap_predicate_pred1620_state3  |       and|   0|  0|   2|           1|           1|
    |ap_predicate_pred1632_state3  |       and|   0|  0|   2|           1|           1|
    |ap_predicate_pred1644_state3  |       and|   0|  0|   2|           1|           1|
    |ap_predicate_pred1656_state3  |       and|   0|  0|   2|           1|           1|
    |ap_predicate_pred1668_state3  |       and|   0|  0|   2|           1|           1|
    |ap_predicate_pred1680_state3  |       and|   0|  0|   2|           1|           1|
    |ap_predicate_pred1692_state3  |       and|   0|  0|   2|           1|           1|
    |ap_predicate_pred1704_state3  |       and|   0|  0|   2|           1|           1|
    |ap_predicate_pred1716_state3  |       and|   0|  0|   2|           1|           1|
    |ap_predicate_pred1728_state3  |       and|   0|  0|   2|           1|           1|
    |ap_predicate_pred1740_state3  |       and|   0|  0|   2|           1|           1|
    |ap_predicate_pred1752_state3  |       and|   0|  0|   2|           1|           1|
    |ap_predicate_pred1764_state3  |       and|   0|  0|   2|           1|           1|
    |ap_predicate_pred1776_state3  |       and|   0|  0|   2|           1|           1|
    |ap_predicate_pred1788_state3  |       and|   0|  0|   2|           1|           1|
    |ap_predicate_pred1800_state3  |       and|   0|  0|   2|           1|           1|
    |ap_predicate_pred1812_state3  |       and|   0|  0|   2|           1|           1|
    |ap_predicate_pred1824_state3  |       and|   0|  0|   2|           1|           1|
    |ap_predicate_pred1836_state3  |       and|   0|  0|   2|           1|           1|
    |ap_predicate_pred1848_state3  |       and|   0|  0|   2|           1|           1|
    |ap_predicate_pred1860_state3  |       and|   0|  0|   2|           1|           1|
    |ap_predicate_pred1872_state3  |       and|   0|  0|   2|           1|           1|
    |ap_predicate_pred1884_state3  |       and|   0|  0|   2|           1|           1|
    |ap_predicate_pred1896_state3  |       and|   0|  0|   2|           1|           1|
    |ap_predicate_pred1908_state3  |       and|   0|  0|   2|           1|           1|
    |ap_predicate_pred1920_state3  |       and|   0|  0|   2|           1|           1|
    |ap_predicate_pred1932_state3  |       and|   0|  0|   2|           1|           1|
    |ap_predicate_pred1944_state3  |       and|   0|  0|   2|           1|           1|
    |ap_predicate_pred1956_state3  |       and|   0|  0|   2|           1|           1|
    |ap_predicate_pred1968_state3  |       and|   0|  0|   2|           1|           1|
    |ap_predicate_pred1980_state3  |       and|   0|  0|   2|           1|           1|
    |ap_predicate_pred1992_state3  |       and|   0|  0|   2|           1|           1|
    |ap_predicate_pred2004_state3  |       and|   0|  0|   2|           1|           1|
    |ap_predicate_pred2016_state3  |       and|   0|  0|   2|           1|           1|
    |ap_predicate_pred2028_state3  |       and|   0|  0|   2|           1|           1|
    |ap_predicate_pred2040_state3  |       and|   0|  0|   2|           1|           1|
    |ap_predicate_pred2052_state3  |       and|   0|  0|   2|           1|           1|
    |ap_predicate_pred2064_state3  |       and|   0|  0|   2|           1|           1|
    |ap_predicate_pred2076_state3  |       and|   0|  0|   2|           1|           1|
    |ap_predicate_pred2088_state3  |       and|   0|  0|   2|           1|           1|
    |ap_predicate_pred2100_state3  |       and|   0|  0|   2|           1|           1|
    |ap_predicate_pred2112_state3  |       and|   0|  0|   2|           1|           1|
    |ap_predicate_pred2124_state3  |       and|   0|  0|   2|           1|           1|
    |ap_predicate_pred2136_state3  |       and|   0|  0|   2|           1|           1|
    |ap_predicate_pred2148_state3  |       and|   0|  0|   2|           1|           1|
    |ap_predicate_pred2160_state3  |       and|   0|  0|   2|           1|           1|
    |ap_predicate_pred2172_state3  |       and|   0|  0|   2|           1|           1|
    |ap_predicate_pred2184_state3  |       and|   0|  0|   2|           1|           1|
    |ap_predicate_pred2196_state3  |       and|   0|  0|   2|           1|           1|
    |ap_predicate_pred2208_state3  |       and|   0|  0|   2|           1|           1|
    |ap_predicate_pred2220_state3  |       and|   0|  0|   2|           1|           1|
    |ap_predicate_pred2232_state3  |       and|   0|  0|   2|           1|           1|
    |ap_predicate_pred2244_state3  |       and|   0|  0|   2|           1|           1|
    |ap_predicate_pred2256_state3  |       and|   0|  0|   2|           1|           1|
    |ap_predicate_pred2268_state3  |       and|   0|  0|   2|           1|           1|
    |ap_predicate_pred2280_state3  |       and|   0|  0|   2|           1|           1|
    |ap_predicate_pred2292_state3  |       and|   0|  0|   2|           1|           1|
    |ap_predicate_pred2304_state3  |       and|   0|  0|   2|           1|           1|
    |ap_predicate_pred2316_state3  |       and|   0|  0|   2|           1|           1|
    |ap_predicate_pred2328_state3  |       and|   0|  0|   2|           1|           1|
    |ap_predicate_pred2340_state3  |       and|   0|  0|   2|           1|           1|
    |ap_predicate_pred2352_state3  |       and|   0|  0|   2|           1|           1|
    |ap_predicate_pred2364_state3  |       and|   0|  0|   2|           1|           1|
    |ap_predicate_pred2376_state3  |       and|   0|  0|   2|           1|           1|
    |ap_predicate_pred2388_state3  |       and|   0|  0|   2|           1|           1|
    |ap_predicate_pred2400_state3  |       and|   0|  0|   2|           1|           1|
    |ap_predicate_pred2412_state3  |       and|   0|  0|   2|           1|           1|
    |ap_predicate_pred2424_state3  |       and|   0|  0|   2|           1|           1|
    |ap_predicate_pred2436_state3  |       and|   0|  0|   2|           1|           1|
    |ap_predicate_pred2448_state3  |       and|   0|  0|   2|           1|           1|
    |ap_predicate_pred2460_state3  |       and|   0|  0|   2|           1|           1|
    |ap_predicate_pred2472_state3  |       and|   0|  0|   2|           1|           1|
    |ap_predicate_pred2484_state3  |       and|   0|  0|   2|           1|           1|
    |ap_predicate_pred2496_state3  |       and|   0|  0|   2|           1|           1|
    |ap_predicate_pred2508_state3  |       and|   0|  0|   2|           1|           1|
    |ap_predicate_pred2524_state3  |       and|   0|  0|   2|           1|           1|
    |ap_predicate_pred2699_state3  |       and|   0|  0|   2|           1|           1|
    |icmp_ln182_fu_3656_p2         |      icmp|   0|  0|  15|           8|           8|
    |or_ln181_fu_3691_p2           |        or|   0|  0|   8|           8|           1|
    |ap_enable_pp0                 |       xor|   0|  0|   2|           1|           2|
    +------------------------------+----------+----+---+----+------------+------------+
    |Total                         |          |   0|  0| 722|         409|         397|
    +------------------------------+----------+----+---+----+------------+------------+

    * Multiplexer: 
    +----------------------------------+----+-----------+-----+-----------+
    |               Name               | LUT| Input Size| Bits| Total Bits|
    +----------------------------------+----+-----------+-----+-----------+
    |ap_done_int                       |   9|          2|    1|          2|
    |ap_loop_exit_ready_pp0_iter2_reg  |   9|          2|    1|          2|
    |ap_sig_allocacmp_k_1              |   9|          2|    8|         16|
    |base_168_fu_1288                  |   9|          2|   10|         20|
    |k_fu_628                          |   9|          2|    8|         16|
    +----------------------------------+----+-----------+-----+-----------+
    |Total                             |  45|         10|   28|         56|
    +----------------------------------+----+-----------+-----+-----------+

    * Register: 
    +-----------------------------------+----+----+-----+-----------+
    |                Name               | FF | LUT| Bits| Const Bits|
    +-----------------------------------+----+----+-----+-----------+
    |ap_CS_fsm                          |   1|   0|    1|          0|
    |ap_done_reg                        |   1|   0|    1|          0|
    |ap_enable_reg_pp0_iter1            |   1|   0|    1|          0|
    |ap_enable_reg_pp0_iter2            |   1|   0|    1|          0|
    |ap_loop_exit_ready_pp0_iter1_reg   |   1|   0|    1|          0|
    |ap_loop_exit_ready_pp0_iter2_reg   |   1|   0|    1|          0|
    |ap_predicate_pred1533_state3       |   1|   0|    1|          0|
    |ap_predicate_pred1548_state3       |   1|   0|    1|          0|
    |ap_predicate_pred1560_state3       |   1|   0|    1|          0|
    |ap_predicate_pred1572_state3       |   1|   0|    1|          0|
    |ap_predicate_pred1584_state3       |   1|   0|    1|          0|
    |ap_predicate_pred1596_state3       |   1|   0|    1|          0|
    |ap_predicate_pred1608_state3       |   1|   0|    1|          0|
    |ap_predicate_pred1620_state3       |   1|   0|    1|          0|
    |ap_predicate_pred1632_state3       |   1|   0|    1|          0|
    |ap_predicate_pred1644_state3       |   1|   0|    1|          0|
    |ap_predicate_pred1656_state3       |   1|   0|    1|          0|
    |ap_predicate_pred1668_state3       |   1|   0|    1|          0|
    |ap_predicate_pred1680_state3       |   1|   0|    1|          0|
    |ap_predicate_pred1692_state3       |   1|   0|    1|          0|
    |ap_predicate_pred1704_state3       |   1|   0|    1|          0|
    |ap_predicate_pred1716_state3       |   1|   0|    1|          0|
    |ap_predicate_pred1728_state3       |   1|   0|    1|          0|
    |ap_predicate_pred1740_state3       |   1|   0|    1|          0|
    |ap_predicate_pred1752_state3       |   1|   0|    1|          0|
    |ap_predicate_pred1764_state3       |   1|   0|    1|          0|
    |ap_predicate_pred1776_state3       |   1|   0|    1|          0|
    |ap_predicate_pred1788_state3       |   1|   0|    1|          0|
    |ap_predicate_pred1800_state3       |   1|   0|    1|          0|
    |ap_predicate_pred1812_state3       |   1|   0|    1|          0|
    |ap_predicate_pred1824_state3       |   1|   0|    1|          0|
    |ap_predicate_pred1836_state3       |   1|   0|    1|          0|
    |ap_predicate_pred1848_state3       |   1|   0|    1|          0|
    |ap_predicate_pred1860_state3       |   1|   0|    1|          0|
    |ap_predicate_pred1872_state3       |   1|   0|    1|          0|
    |ap_predicate_pred1884_state3       |   1|   0|    1|          0|
    |ap_predicate_pred1896_state3       |   1|   0|    1|          0|
    |ap_predicate_pred1908_state3       |   1|   0|    1|          0|
    |ap_predicate_pred1920_state3       |   1|   0|    1|          0|
    |ap_predicate_pred1932_state3       |   1|   0|    1|          0|
    |ap_predicate_pred1944_state3       |   1|   0|    1|          0|
    |ap_predicate_pred1956_state3       |   1|   0|    1|          0|
    |ap_predicate_pred1968_state3       |   1|   0|    1|          0|
    |ap_predicate_pred1980_state3       |   1|   0|    1|          0|
    |ap_predicate_pred1992_state3       |   1|   0|    1|          0|
    |ap_predicate_pred2004_state3       |   1|   0|    1|          0|
    |ap_predicate_pred2016_state3       |   1|   0|    1|          0|
    |ap_predicate_pred2028_state3       |   1|   0|    1|          0|
    |ap_predicate_pred2040_state3       |   1|   0|    1|          0|
    |ap_predicate_pred2052_state3       |   1|   0|    1|          0|
    |ap_predicate_pred2064_state3       |   1|   0|    1|          0|
    |ap_predicate_pred2076_state3       |   1|   0|    1|          0|
    |ap_predicate_pred2088_state3       |   1|   0|    1|          0|
    |ap_predicate_pred2100_state3       |   1|   0|    1|          0|
    |ap_predicate_pred2112_state3       |   1|   0|    1|          0|
    |ap_predicate_pred2124_state3       |   1|   0|    1|          0|
    |ap_predicate_pred2136_state3       |   1|   0|    1|          0|
    |ap_predicate_pred2148_state3       |   1|   0|    1|          0|
    |ap_predicate_pred2160_state3       |   1|   0|    1|          0|
    |ap_predicate_pred2172_state3       |   1|   0|    1|          0|
    |ap_predicate_pred2184_state3       |   1|   0|    1|          0|
    |ap_predicate_pred2196_state3       |   1|   0|    1|          0|
    |ap_predicate_pred2208_state3       |   1|   0|    1|          0|
    |ap_predicate_pred2220_state3       |   1|   0|    1|          0|
    |ap_predicate_pred2232_state3       |   1|   0|    1|          0|
    |ap_predicate_pred2244_state3       |   1|   0|    1|          0|
    |ap_predicate_pred2256_state3       |   1|   0|    1|          0|
    |ap_predicate_pred2268_state3       |   1|   0|    1|          0|
    |ap_predicate_pred2280_state3       |   1|   0|    1|          0|
    |ap_predicate_pred2292_state3       |   1|   0|    1|          0|
    |ap_predicate_pred2304_state3       |   1|   0|    1|          0|
    |ap_predicate_pred2316_state3       |   1|   0|    1|          0|
    |ap_predicate_pred2328_state3       |   1|   0|    1|          0|
    |ap_predicate_pred2340_state3       |   1|   0|    1|          0|
    |ap_predicate_pred2352_state3       |   1|   0|    1|          0|
    |ap_predicate_pred2364_state3       |   1|   0|    1|          0|
    |ap_predicate_pred2376_state3       |   1|   0|    1|          0|
    |ap_predicate_pred2388_state3       |   1|   0|    1|          0|
    |ap_predicate_pred2400_state3       |   1|   0|    1|          0|
    |ap_predicate_pred2412_state3       |   1|   0|    1|          0|
    |ap_predicate_pred2424_state3       |   1|   0|    1|          0|
    |ap_predicate_pred2436_state3       |   1|   0|    1|          0|
    |ap_predicate_pred2448_state3       |   1|   0|    1|          0|
    |ap_predicate_pred2460_state3       |   1|   0|    1|          0|
    |ap_predicate_pred2472_state3       |   1|   0|    1|          0|
    |ap_predicate_pred2484_state3       |   1|   0|    1|          0|
    |ap_predicate_pred2496_state3       |   1|   0|    1|          0|
    |ap_predicate_pred2508_state3       |   1|   0|    1|          0|
    |ap_predicate_pred2524_state3       |   1|   0|    1|          0|
    |ap_predicate_pred2699_state3       |   1|   0|    1|          0|
    |base_100_fu_1032                   |  10|   0|   10|          0|
    |base_101_fu_1036                   |  10|   0|   10|          0|
    |base_102_fu_1040                   |  10|   0|   10|          0|
    |base_103_fu_1044                   |  10|   0|   10|          0|
    |base_104_fu_1048                   |  10|   0|   10|          0|
    |base_105_fu_1052                   |  10|   0|   10|          0|
    |base_106_fu_1056                   |  10|   0|   10|          0|
    |base_107_fu_1060                   |  10|   0|   10|          0|
    |base_108_fu_1064                   |  10|   0|   10|          0|
    |base_109_fu_1068                   |  10|   0|   10|          0|
    |base_10_fu_672                     |  10|   0|   10|          0|
    |base_110_fu_1072                   |  10|   0|   10|          0|
    |base_111_fu_1076                   |  10|   0|   10|          0|
    |base_112_fu_1080                   |  10|   0|   10|          0|
    |base_113_fu_1084                   |  10|   0|   10|          0|
    |base_114_fu_1088                   |  10|   0|   10|          0|
    |base_115_fu_1092                   |  10|   0|   10|          0|
    |base_116_fu_1096                   |  10|   0|   10|          0|
    |base_117_fu_1100                   |  10|   0|   10|          0|
    |base_118_fu_1104                   |  10|   0|   10|          0|
    |base_119_fu_1108                   |  10|   0|   10|          0|
    |base_11_fu_676                     |  10|   0|   10|          0|
    |base_120_fu_1112                   |  10|   0|   10|          0|
    |base_121_fu_1116                   |  10|   0|   10|          0|
    |base_122_fu_1120                   |  10|   0|   10|          0|
    |base_123_fu_1124                   |  10|   0|   10|          0|
    |base_124_fu_1128                   |  10|   0|   10|          0|
    |base_125_fu_1132                   |  10|   0|   10|          0|
    |base_126_fu_1136                   |  10|   0|   10|          0|
    |base_127_fu_1140                   |  10|   0|   10|          0|
    |base_128_fu_1144                   |  10|   0|   10|          0|
    |base_129_fu_1148                   |  10|   0|   10|          0|
    |base_12_fu_680                     |  10|   0|   10|          0|
    |base_130_fu_1152                   |  10|   0|   10|          0|
    |base_131_fu_1156                   |  10|   0|   10|          0|
    |base_132_fu_1160                   |  10|   0|   10|          0|
    |base_133_fu_1164                   |  10|   0|   10|          0|
    |base_134_fu_1168                   |  10|   0|   10|          0|
    |base_135_fu_1172                   |  10|   0|   10|          0|
    |base_136_fu_1176                   |  10|   0|   10|          0|
    |base_137_fu_1180                   |  10|   0|   10|          0|
    |base_138_fu_1184                   |  10|   0|   10|          0|
    |base_139_fu_1188                   |  10|   0|   10|          0|
    |base_13_fu_684                     |  10|   0|   10|          0|
    |base_140_fu_1192                   |  10|   0|   10|          0|
    |base_141_fu_1196                   |  10|   0|   10|          0|
    |base_142_fu_1200                   |  10|   0|   10|          0|
    |base_143_fu_1204                   |  10|   0|   10|          0|
    |base_144_fu_1208                   |  10|   0|   10|          0|
    |base_145_fu_1212                   |  10|   0|   10|          0|
    |base_146_fu_1216                   |  10|   0|   10|          0|
    |base_147_fu_1220                   |  10|   0|   10|          0|
    |base_148_fu_1224                   |  10|   0|   10|          0|
    |base_149_fu_1228                   |  10|   0|   10|          0|
    |base_14_fu_688                     |  10|   0|   10|          0|
    |base_150_fu_1232                   |  10|   0|   10|          0|
    |base_151_fu_1236                   |  10|   0|   10|          0|
    |base_152_fu_1240                   |  10|   0|   10|          0|
    |base_153_fu_1244                   |  10|   0|   10|          0|
    |base_154_fu_1248                   |  10|   0|   10|          0|
    |base_155_fu_1252                   |  10|   0|   10|          0|
    |base_156_fu_1256                   |  10|   0|   10|          0|
    |base_157_fu_1260                   |  10|   0|   10|          0|
    |base_158_fu_1264                   |  10|   0|   10|          0|
    |base_159_fu_1268                   |  10|   0|   10|          0|
    |base_15_fu_692                     |  10|   0|   10|          0|
    |base_160_fu_1272                   |  10|   0|   10|          0|
    |base_161_fu_1276                   |  10|   0|   10|          0|
    |base_162_fu_1280                   |  10|   0|   10|          0|
    |base_163_fu_1284                   |  10|   0|   10|          0|
    |base_164_fu_1292                   |  10|   0|   10|          0|
    |base_165_fu_1296                   |  10|   0|   10|          0|
    |base_166_fu_1300                   |  10|   0|   10|          0|
    |base_167_fu_1304                   |  10|   0|   10|          0|
    |base_168_fu_1288                   |  10|   0|   10|          0|
    |base_16_fu_696                     |  10|   0|   10|          0|
    |base_17_fu_700                     |  10|   0|   10|          0|
    |base_18_fu_704                     |  10|   0|   10|          0|
    |base_19_fu_708                     |  10|   0|   10|          0|
    |base_1_fu_636                      |  10|   0|   10|          0|
    |base_20_fu_712                     |  10|   0|   10|          0|
    |base_21_fu_716                     |  10|   0|   10|          0|
    |base_22_fu_720                     |  10|   0|   10|          0|
    |base_23_fu_724                     |  10|   0|   10|          0|
    |base_24_fu_728                     |  10|   0|   10|          0|
    |base_25_fu_732                     |  10|   0|   10|          0|
    |base_26_fu_736                     |  10|   0|   10|          0|
    |base_27_fu_740                     |  10|   0|   10|          0|
    |base_28_fu_744                     |  10|   0|   10|          0|
    |base_29_fu_748                     |  10|   0|   10|          0|
    |base_2_fu_640                      |  10|   0|   10|          0|
    |base_30_fu_752                     |  10|   0|   10|          0|
    |base_31_fu_756                     |  10|   0|   10|          0|
    |base_32_fu_760                     |  10|   0|   10|          0|
    |base_33_fu_764                     |  10|   0|   10|          0|
    |base_34_fu_768                     |  10|   0|   10|          0|
    |base_35_fu_772                     |  10|   0|   10|          0|
    |base_36_fu_776                     |  10|   0|   10|          0|
    |base_37_fu_780                     |  10|   0|   10|          0|
    |base_38_fu_784                     |  10|   0|   10|          0|
    |base_39_fu_788                     |  10|   0|   10|          0|
    |base_3_fu_644                      |  10|   0|   10|          0|
    |base_40_fu_792                     |  10|   0|   10|          0|
    |base_41_fu_796                     |  10|   0|   10|          0|
    |base_42_fu_800                     |  10|   0|   10|          0|
    |base_43_fu_804                     |  10|   0|   10|          0|
    |base_44_fu_808                     |  10|   0|   10|          0|
    |base_45_fu_812                     |  10|   0|   10|          0|
    |base_46_fu_816                     |  10|   0|   10|          0|
    |base_47_fu_820                     |  10|   0|   10|          0|
    |base_48_fu_824                     |  10|   0|   10|          0|
    |base_49_fu_828                     |  10|   0|   10|          0|
    |base_4_fu_648                      |  10|   0|   10|          0|
    |base_50_fu_832                     |  10|   0|   10|          0|
    |base_51_fu_836                     |  10|   0|   10|          0|
    |base_52_fu_840                     |  10|   0|   10|          0|
    |base_53_fu_844                     |  10|   0|   10|          0|
    |base_54_fu_848                     |  10|   0|   10|          0|
    |base_55_fu_852                     |  10|   0|   10|          0|
    |base_56_fu_856                     |  10|   0|   10|          0|
    |base_57_fu_860                     |  10|   0|   10|          0|
    |base_58_fu_864                     |  10|   0|   10|          0|
    |base_59_fu_868                     |  10|   0|   10|          0|
    |base_5_fu_652                      |  10|   0|   10|          0|
    |base_60_fu_872                     |  10|   0|   10|          0|
    |base_61_fu_876                     |  10|   0|   10|          0|
    |base_62_fu_880                     |  10|   0|   10|          0|
    |base_63_fu_884                     |  10|   0|   10|          0|
    |base_64_fu_888                     |  10|   0|   10|          0|
    |base_65_fu_892                     |  10|   0|   10|          0|
    |base_66_fu_896                     |  10|   0|   10|          0|
    |base_67_fu_900                     |  10|   0|   10|          0|
    |base_68_fu_904                     |  10|   0|   10|          0|
    |base_69_fu_908                     |  10|   0|   10|          0|
    |base_6_fu_656                      |  10|   0|   10|          0|
    |base_70_fu_912                     |  10|   0|   10|          0|
    |base_71_fu_916                     |  10|   0|   10|          0|
    |base_72_fu_920                     |  10|   0|   10|          0|
    |base_73_fu_924                     |  10|   0|   10|          0|
    |base_74_fu_928                     |  10|   0|   10|          0|
    |base_75_fu_932                     |  10|   0|   10|          0|
    |base_76_fu_936                     |  10|   0|   10|          0|
    |base_77_fu_940                     |  10|   0|   10|          0|
    |base_78_fu_944                     |  10|   0|   10|          0|
    |base_79_fu_948                     |  10|   0|   10|          0|
    |base_7_fu_660                      |  10|   0|   10|          0|
    |base_80_fu_952                     |  10|   0|   10|          0|
    |base_81_fu_956                     |  10|   0|   10|          0|
    |base_82_fu_960                     |  10|   0|   10|          0|
    |base_83_fu_964                     |  10|   0|   10|          0|
    |base_84_fu_968                     |  10|   0|   10|          0|
    |base_85_fu_972                     |  10|   0|   10|          0|
    |base_86_fu_976                     |  10|   0|   10|          0|
    |base_87_fu_980                     |  10|   0|   10|          0|
    |base_88_fu_984                     |  10|   0|   10|          0|
    |base_89_fu_988                     |  10|   0|   10|          0|
    |base_8_fu_664                      |  10|   0|   10|          0|
    |base_90_fu_992                     |  10|   0|   10|          0|
    |base_91_fu_996                     |  10|   0|   10|          0|
    |base_92_fu_1000                    |  10|   0|   10|          0|
    |base_93_fu_1004                    |  10|   0|   10|          0|
    |base_94_fu_1008                    |  10|   0|   10|          0|
    |base_95_fu_1012                    |  10|   0|   10|          0|
    |base_96_fu_1016                    |  10|   0|   10|          0|
    |base_97_fu_1020                    |  10|   0|   10|          0|
    |base_98_fu_1024                    |  10|   0|   10|          0|
    |base_99_fu_1028                    |  10|   0|   10|          0|
    |base_9_fu_668                      |  10|   0|   10|          0|
    |base_fu_632                        |  10|   0|   10|          0|
    |icmp_ln182_reg_6483                |   1|   0|    1|          0|
    |icmp_ln182_reg_6483_pp0_iter1_reg  |   1|   0|    1|          0|
    |k_1_reg_6479                       |   8|   0|    8|          0|
    |k_fu_628                           |   8|   0|    8|          0|
    |s0_20_reg_6686                     |  10|   0|   10|          0|
    |s0_21_reg_6691                     |  10|   0|   10|          0|
    |s1_20_reg_6697                     |  10|   0|   10|          0|
    |zext_ln181_reg_6511                |   7|   0|   64|         57|
    |zext_ln181_reg_6511_pp0_iter1_reg  |   7|   0|   64|         57|
    |zext_ln182_reg_6487                |   8|   0|   64|         56|
    |zext_ln182_reg_6487_pp0_iter1_reg  |   8|   0|   64|         56|
    +-----------------------------------+----+----+-----+-----------+
    |Total                              |1858|   0| 2084|        226|
    +-----------------------------------+----+----+-----+-----------+



================================================================
== Interface
================================================================
* Summary: 
+----------------------+-----+-----+------------+-------------------------+--------------+
|       RTL Ports      | Dir | Bits|  Protocol  |      Source Object      |    C Type    |
+----------------------+-----+-----+------------+-------------------------+--------------+
|ap_clk                |   in|    1|  ap_ctrl_hs|  my_window_Pipeline_BASE|  return value|
|ap_rst                |   in|    1|  ap_ctrl_hs|  my_window_Pipeline_BASE|  return value|
|ap_start              |   in|    1|  ap_ctrl_hs|  my_window_Pipeline_BASE|  return value|
|ap_done               |  out|    1|  ap_ctrl_hs|  my_window_Pipeline_BASE|  return value|
|ap_idle               |  out|    1|  ap_ctrl_hs|  my_window_Pipeline_BASE|  return value|
|ap_ready              |  out|    1|  ap_ctrl_hs|  my_window_Pipeline_BASE|  return value|
|lane_cur_14_address0  |  out|    8|   ap_memory|              lane_cur_14|         array|
|lane_cur_14_ce0       |  out|    1|   ap_memory|              lane_cur_14|         array|
|lane_cur_14_we0       |  out|    1|   ap_memory|              lane_cur_14|         array|
|lane_cur_14_d0        |  out|   10|   ap_memory|              lane_cur_14|         array|
|lane_cur_14_address1  |  out|    8|   ap_memory|              lane_cur_14|         array|
|lane_cur_14_ce1       |  out|    1|   ap_memory|              lane_cur_14|         array|
|lane_cur_14_we1       |  out|    1|   ap_memory|              lane_cur_14|         array|
|lane_cur_14_d1        |  out|   10|   ap_memory|              lane_cur_14|         array|
|lane_cur_13_address0  |  out|    8|   ap_memory|              lane_cur_13|         array|
|lane_cur_13_ce0       |  out|    1|   ap_memory|              lane_cur_13|         array|
|lane_cur_13_we0       |  out|    1|   ap_memory|              lane_cur_13|         array|
|lane_cur_13_d0        |  out|   10|   ap_memory|              lane_cur_13|         array|
|lane_cur_13_address1  |  out|    8|   ap_memory|              lane_cur_13|         array|
|lane_cur_13_ce1       |  out|    1|   ap_memory|              lane_cur_13|         array|
|lane_cur_13_we1       |  out|    1|   ap_memory|              lane_cur_13|         array|
|lane_cur_13_d1        |  out|   10|   ap_memory|              lane_cur_13|         array|
|lane_cur_12_address0  |  out|    8|   ap_memory|              lane_cur_12|         array|
|lane_cur_12_ce0       |  out|    1|   ap_memory|              lane_cur_12|         array|
|lane_cur_12_we0       |  out|    1|   ap_memory|              lane_cur_12|         array|
|lane_cur_12_d0        |  out|   10|   ap_memory|              lane_cur_12|         array|
|lane_cur_12_address1  |  out|    8|   ap_memory|              lane_cur_12|         array|
|lane_cur_12_ce1       |  out|    1|   ap_memory|              lane_cur_12|         array|
|lane_cur_12_we1       |  out|    1|   ap_memory|              lane_cur_12|         array|
|lane_cur_12_d1        |  out|   10|   ap_memory|              lane_cur_12|         array|
|lane_cur_11_address0  |  out|    8|   ap_memory|              lane_cur_11|         array|
|lane_cur_11_ce0       |  out|    1|   ap_memory|              lane_cur_11|         array|
|lane_cur_11_we0       |  out|    1|   ap_memory|              lane_cur_11|         array|
|lane_cur_11_d0        |  out|   10|   ap_memory|              lane_cur_11|         array|
|lane_cur_11_address1  |  out|    8|   ap_memory|              lane_cur_11|         array|
|lane_cur_11_ce1       |  out|    1|   ap_memory|              lane_cur_11|         array|
|lane_cur_11_we1       |  out|    1|   ap_memory|              lane_cur_11|         array|
|lane_cur_11_d1        |  out|   10|   ap_memory|              lane_cur_11|         array|
|lane_cur_10_address0  |  out|    8|   ap_memory|              lane_cur_10|         array|
|lane_cur_10_ce0       |  out|    1|   ap_memory|              lane_cur_10|         array|
|lane_cur_10_we0       |  out|    1|   ap_memory|              lane_cur_10|         array|
|lane_cur_10_d0        |  out|   10|   ap_memory|              lane_cur_10|         array|
|lane_cur_10_address1  |  out|    8|   ap_memory|              lane_cur_10|         array|
|lane_cur_10_ce1       |  out|    1|   ap_memory|              lane_cur_10|         array|
|lane_cur_10_we1       |  out|    1|   ap_memory|              lane_cur_10|         array|
|lane_cur_10_d1        |  out|   10|   ap_memory|              lane_cur_10|         array|
|lane_cur_9_address0   |  out|    8|   ap_memory|               lane_cur_9|         array|
|lane_cur_9_ce0        |  out|    1|   ap_memory|               lane_cur_9|         array|
|lane_cur_9_we0        |  out|    1|   ap_memory|               lane_cur_9|         array|
|lane_cur_9_d0         |  out|   10|   ap_memory|               lane_cur_9|         array|
|lane_cur_9_address1   |  out|    8|   ap_memory|               lane_cur_9|         array|
|lane_cur_9_ce1        |  out|    1|   ap_memory|               lane_cur_9|         array|
|lane_cur_9_we1        |  out|    1|   ap_memory|               lane_cur_9|         array|
|lane_cur_9_d1         |  out|   10|   ap_memory|               lane_cur_9|         array|
|lane_cur_8_address0   |  out|    8|   ap_memory|               lane_cur_8|         array|
|lane_cur_8_ce0        |  out|    1|   ap_memory|               lane_cur_8|         array|
|lane_cur_8_we0        |  out|    1|   ap_memory|               lane_cur_8|         array|
|lane_cur_8_d0         |  out|   10|   ap_memory|               lane_cur_8|         array|
|lane_cur_8_address1   |  out|    8|   ap_memory|               lane_cur_8|         array|
|lane_cur_8_ce1        |  out|    1|   ap_memory|               lane_cur_8|         array|
|lane_cur_8_we1        |  out|    1|   ap_memory|               lane_cur_8|         array|
|lane_cur_8_d1         |  out|   10|   ap_memory|               lane_cur_8|         array|
|lane_cur_7_address0   |  out|    8|   ap_memory|               lane_cur_7|         array|
|lane_cur_7_ce0        |  out|    1|   ap_memory|               lane_cur_7|         array|
|lane_cur_7_we0        |  out|    1|   ap_memory|               lane_cur_7|         array|
|lane_cur_7_d0         |  out|   10|   ap_memory|               lane_cur_7|         array|
|lane_cur_7_address1   |  out|    8|   ap_memory|               lane_cur_7|         array|
|lane_cur_7_ce1        |  out|    1|   ap_memory|               lane_cur_7|         array|
|lane_cur_7_we1        |  out|    1|   ap_memory|               lane_cur_7|         array|
|lane_cur_7_d1         |  out|   10|   ap_memory|               lane_cur_7|         array|
|lane_cur_6_address0   |  out|    8|   ap_memory|               lane_cur_6|         array|
|lane_cur_6_ce0        |  out|    1|   ap_memory|               lane_cur_6|         array|
|lane_cur_6_we0        |  out|    1|   ap_memory|               lane_cur_6|         array|
|lane_cur_6_d0         |  out|   10|   ap_memory|               lane_cur_6|         array|
|lane_cur_6_address1   |  out|    8|   ap_memory|               lane_cur_6|         array|
|lane_cur_6_ce1        |  out|    1|   ap_memory|               lane_cur_6|         array|
|lane_cur_6_we1        |  out|    1|   ap_memory|               lane_cur_6|         array|
|lane_cur_6_d1         |  out|   10|   ap_memory|               lane_cur_6|         array|
|lane_cur_5_address0   |  out|    8|   ap_memory|               lane_cur_5|         array|
|lane_cur_5_ce0        |  out|    1|   ap_memory|               lane_cur_5|         array|
|lane_cur_5_we0        |  out|    1|   ap_memory|               lane_cur_5|         array|
|lane_cur_5_d0         |  out|   10|   ap_memory|               lane_cur_5|         array|
|lane_cur_5_address1   |  out|    8|   ap_memory|               lane_cur_5|         array|
|lane_cur_5_ce1        |  out|    1|   ap_memory|               lane_cur_5|         array|
|lane_cur_5_we1        |  out|    1|   ap_memory|               lane_cur_5|         array|
|lane_cur_5_d1         |  out|   10|   ap_memory|               lane_cur_5|         array|
|lane_cur_4_address0   |  out|    8|   ap_memory|               lane_cur_4|         array|
|lane_cur_4_ce0        |  out|    1|   ap_memory|               lane_cur_4|         array|
|lane_cur_4_we0        |  out|    1|   ap_memory|               lane_cur_4|         array|
|lane_cur_4_d0         |  out|   10|   ap_memory|               lane_cur_4|         array|
|lane_cur_4_address1   |  out|    8|   ap_memory|               lane_cur_4|         array|
|lane_cur_4_ce1        |  out|    1|   ap_memory|               lane_cur_4|         array|
|lane_cur_4_we1        |  out|    1|   ap_memory|               lane_cur_4|         array|
|lane_cur_4_d1         |  out|   10|   ap_memory|               lane_cur_4|         array|
|lane_cur_3_address0   |  out|    8|   ap_memory|               lane_cur_3|         array|
|lane_cur_3_ce0        |  out|    1|   ap_memory|               lane_cur_3|         array|
|lane_cur_3_we0        |  out|    1|   ap_memory|               lane_cur_3|         array|
|lane_cur_3_d0         |  out|   10|   ap_memory|               lane_cur_3|         array|
|lane_cur_3_address1   |  out|    8|   ap_memory|               lane_cur_3|         array|
|lane_cur_3_ce1        |  out|    1|   ap_memory|               lane_cur_3|         array|
|lane_cur_3_we1        |  out|    1|   ap_memory|               lane_cur_3|         array|
|lane_cur_3_d1         |  out|   10|   ap_memory|               lane_cur_3|         array|
|lane_cur_2_address0   |  out|    8|   ap_memory|               lane_cur_2|         array|
|lane_cur_2_ce0        |  out|    1|   ap_memory|               lane_cur_2|         array|
|lane_cur_2_we0        |  out|    1|   ap_memory|               lane_cur_2|         array|
|lane_cur_2_d0         |  out|   10|   ap_memory|               lane_cur_2|         array|
|lane_cur_2_address1   |  out|    8|   ap_memory|               lane_cur_2|         array|
|lane_cur_2_ce1        |  out|    1|   ap_memory|               lane_cur_2|         array|
|lane_cur_2_we1        |  out|    1|   ap_memory|               lane_cur_2|         array|
|lane_cur_2_d1         |  out|   10|   ap_memory|               lane_cur_2|         array|
|lane_cur_1_address0   |  out|    8|   ap_memory|               lane_cur_1|         array|
|lane_cur_1_ce0        |  out|    1|   ap_memory|               lane_cur_1|         array|
|lane_cur_1_we0        |  out|    1|   ap_memory|               lane_cur_1|         array|
|lane_cur_1_d0         |  out|   10|   ap_memory|               lane_cur_1|         array|
|lane_cur_1_address1   |  out|    8|   ap_memory|               lane_cur_1|         array|
|lane_cur_1_ce1        |  out|    1|   ap_memory|               lane_cur_1|         array|
|lane_cur_1_we1        |  out|    1|   ap_memory|               lane_cur_1|         array|
|lane_cur_1_d1         |  out|   10|   ap_memory|               lane_cur_1|         array|
|lane_cur_address0     |  out|    8|   ap_memory|                 lane_cur|         array|
|lane_cur_ce0          |  out|    1|   ap_memory|                 lane_cur|         array|
|lane_cur_we0          |  out|    1|   ap_memory|                 lane_cur|         array|
|lane_cur_d0           |  out|   10|   ap_memory|                 lane_cur|         array|
|lane_cur_address1     |  out|    8|   ap_memory|                 lane_cur|         array|
|lane_cur_ce1          |  out|    1|   ap_memory|                 lane_cur|         array|
|lane_cur_we1          |  out|    1|   ap_memory|                 lane_cur|         array|
|lane_cur_d1           |  out|   10|   ap_memory|                 lane_cur|         array|
|lane_off_14_address0  |  out|    8|   ap_memory|              lane_off_14|         array|
|lane_off_14_ce0       |  out|    1|   ap_memory|              lane_off_14|         array|
|lane_off_14_we0       |  out|    1|   ap_memory|              lane_off_14|         array|
|lane_off_14_d0        |  out|   10|   ap_memory|              lane_off_14|         array|
|lane_off_14_address1  |  out|    8|   ap_memory|              lane_off_14|         array|
|lane_off_14_ce1       |  out|    1|   ap_memory|              lane_off_14|         array|
|lane_off_14_we1       |  out|    1|   ap_memory|              lane_off_14|         array|
|lane_off_14_d1        |  out|   10|   ap_memory|              lane_off_14|         array|
|lane_off_13_address0  |  out|    8|   ap_memory|              lane_off_13|         array|
|lane_off_13_ce0       |  out|    1|   ap_memory|              lane_off_13|         array|
|lane_off_13_we0       |  out|    1|   ap_memory|              lane_off_13|         array|
|lane_off_13_d0        |  out|   10|   ap_memory|              lane_off_13|         array|
|lane_off_13_address1  |  out|    8|   ap_memory|              lane_off_13|         array|
|lane_off_13_ce1       |  out|    1|   ap_memory|              lane_off_13|         array|
|lane_off_13_we1       |  out|    1|   ap_memory|              lane_off_13|         array|
|lane_off_13_d1        |  out|   10|   ap_memory|              lane_off_13|         array|
|lane_off_12_address0  |  out|    8|   ap_memory|              lane_off_12|         array|
|lane_off_12_ce0       |  out|    1|   ap_memory|              lane_off_12|         array|
|lane_off_12_we0       |  out|    1|   ap_memory|              lane_off_12|         array|
|lane_off_12_d0        |  out|   10|   ap_memory|              lane_off_12|         array|
|lane_off_12_address1  |  out|    8|   ap_memory|              lane_off_12|         array|
|lane_off_12_ce1       |  out|    1|   ap_memory|              lane_off_12|         array|
|lane_off_12_we1       |  out|    1|   ap_memory|              lane_off_12|         array|
|lane_off_12_d1        |  out|   10|   ap_memory|              lane_off_12|         array|
|lane_off_11_address0  |  out|    8|   ap_memory|              lane_off_11|         array|
|lane_off_11_ce0       |  out|    1|   ap_memory|              lane_off_11|         array|
|lane_off_11_we0       |  out|    1|   ap_memory|              lane_off_11|         array|
|lane_off_11_d0        |  out|   10|   ap_memory|              lane_off_11|         array|
|lane_off_11_address1  |  out|    8|   ap_memory|              lane_off_11|         array|
|lane_off_11_ce1       |  out|    1|   ap_memory|              lane_off_11|         array|
|lane_off_11_we1       |  out|    1|   ap_memory|              lane_off_11|         array|
|lane_off_11_d1        |  out|   10|   ap_memory|              lane_off_11|         array|
|lane_off_10_address0  |  out|    8|   ap_memory|              lane_off_10|         array|
|lane_off_10_ce0       |  out|    1|   ap_memory|              lane_off_10|         array|
|lane_off_10_we0       |  out|    1|   ap_memory|              lane_off_10|         array|
|lane_off_10_d0        |  out|   10|   ap_memory|              lane_off_10|         array|
|lane_off_10_address1  |  out|    8|   ap_memory|              lane_off_10|         array|
|lane_off_10_ce1       |  out|    1|   ap_memory|              lane_off_10|         array|
|lane_off_10_we1       |  out|    1|   ap_memory|              lane_off_10|         array|
|lane_off_10_d1        |  out|   10|   ap_memory|              lane_off_10|         array|
|lane_off_9_address0   |  out|    8|   ap_memory|               lane_off_9|         array|
|lane_off_9_ce0        |  out|    1|   ap_memory|               lane_off_9|         array|
|lane_off_9_we0        |  out|    1|   ap_memory|               lane_off_9|         array|
|lane_off_9_d0         |  out|   10|   ap_memory|               lane_off_9|         array|
|lane_off_9_address1   |  out|    8|   ap_memory|               lane_off_9|         array|
|lane_off_9_ce1        |  out|    1|   ap_memory|               lane_off_9|         array|
|lane_off_9_we1        |  out|    1|   ap_memory|               lane_off_9|         array|
|lane_off_9_d1         |  out|   10|   ap_memory|               lane_off_9|         array|
|lane_off_8_address0   |  out|    8|   ap_memory|               lane_off_8|         array|
|lane_off_8_ce0        |  out|    1|   ap_memory|               lane_off_8|         array|
|lane_off_8_we0        |  out|    1|   ap_memory|               lane_off_8|         array|
|lane_off_8_d0         |  out|   10|   ap_memory|               lane_off_8|         array|
|lane_off_8_address1   |  out|    8|   ap_memory|               lane_off_8|         array|
|lane_off_8_ce1        |  out|    1|   ap_memory|               lane_off_8|         array|
|lane_off_8_we1        |  out|    1|   ap_memory|               lane_off_8|         array|
|lane_off_8_d1         |  out|   10|   ap_memory|               lane_off_8|         array|
|lane_off_7_address0   |  out|    8|   ap_memory|               lane_off_7|         array|
|lane_off_7_ce0        |  out|    1|   ap_memory|               lane_off_7|         array|
|lane_off_7_we0        |  out|    1|   ap_memory|               lane_off_7|         array|
|lane_off_7_d0         |  out|   10|   ap_memory|               lane_off_7|         array|
|lane_off_7_address1   |  out|    8|   ap_memory|               lane_off_7|         array|
|lane_off_7_ce1        |  out|    1|   ap_memory|               lane_off_7|         array|
|lane_off_7_we1        |  out|    1|   ap_memory|               lane_off_7|         array|
|lane_off_7_d1         |  out|   10|   ap_memory|               lane_off_7|         array|
|lane_off_6_address0   |  out|    8|   ap_memory|               lane_off_6|         array|
|lane_off_6_ce0        |  out|    1|   ap_memory|               lane_off_6|         array|
|lane_off_6_we0        |  out|    1|   ap_memory|               lane_off_6|         array|
|lane_off_6_d0         |  out|   10|   ap_memory|               lane_off_6|         array|
|lane_off_6_address1   |  out|    8|   ap_memory|               lane_off_6|         array|
|lane_off_6_ce1        |  out|    1|   ap_memory|               lane_off_6|         array|
|lane_off_6_we1        |  out|    1|   ap_memory|               lane_off_6|         array|
|lane_off_6_d1         |  out|   10|   ap_memory|               lane_off_6|         array|
|lane_off_5_address0   |  out|    8|   ap_memory|               lane_off_5|         array|
|lane_off_5_ce0        |  out|    1|   ap_memory|               lane_off_5|         array|
|lane_off_5_we0        |  out|    1|   ap_memory|               lane_off_5|         array|
|lane_off_5_d0         |  out|   10|   ap_memory|               lane_off_5|         array|
|lane_off_5_address1   |  out|    8|   ap_memory|               lane_off_5|         array|
|lane_off_5_ce1        |  out|    1|   ap_memory|               lane_off_5|         array|
|lane_off_5_we1        |  out|    1|   ap_memory|               lane_off_5|         array|
|lane_off_5_d1         |  out|   10|   ap_memory|               lane_off_5|         array|
|lane_off_4_address0   |  out|    8|   ap_memory|               lane_off_4|         array|
|lane_off_4_ce0        |  out|    1|   ap_memory|               lane_off_4|         array|
|lane_off_4_we0        |  out|    1|   ap_memory|               lane_off_4|         array|
|lane_off_4_d0         |  out|   10|   ap_memory|               lane_off_4|         array|
|lane_off_4_address1   |  out|    8|   ap_memory|               lane_off_4|         array|
|lane_off_4_ce1        |  out|    1|   ap_memory|               lane_off_4|         array|
|lane_off_4_we1        |  out|    1|   ap_memory|               lane_off_4|         array|
|lane_off_4_d1         |  out|   10|   ap_memory|               lane_off_4|         array|
|lane_off_3_address0   |  out|    8|   ap_memory|               lane_off_3|         array|
|lane_off_3_ce0        |  out|    1|   ap_memory|               lane_off_3|         array|
|lane_off_3_we0        |  out|    1|   ap_memory|               lane_off_3|         array|
|lane_off_3_d0         |  out|   10|   ap_memory|               lane_off_3|         array|
|lane_off_3_address1   |  out|    8|   ap_memory|               lane_off_3|         array|
|lane_off_3_ce1        |  out|    1|   ap_memory|               lane_off_3|         array|
|lane_off_3_we1        |  out|    1|   ap_memory|               lane_off_3|         array|
|lane_off_3_d1         |  out|   10|   ap_memory|               lane_off_3|         array|
|lane_off_2_address0   |  out|    8|   ap_memory|               lane_off_2|         array|
|lane_off_2_ce0        |  out|    1|   ap_memory|               lane_off_2|         array|
|lane_off_2_we0        |  out|    1|   ap_memory|               lane_off_2|         array|
|lane_off_2_d0         |  out|   10|   ap_memory|               lane_off_2|         array|
|lane_off_2_address1   |  out|    8|   ap_memory|               lane_off_2|         array|
|lane_off_2_ce1        |  out|    1|   ap_memory|               lane_off_2|         array|
|lane_off_2_we1        |  out|    1|   ap_memory|               lane_off_2|         array|
|lane_off_2_d1         |  out|   10|   ap_memory|               lane_off_2|         array|
|lane_off_1_address0   |  out|    8|   ap_memory|               lane_off_1|         array|
|lane_off_1_ce0        |  out|    1|   ap_memory|               lane_off_1|         array|
|lane_off_1_we0        |  out|    1|   ap_memory|               lane_off_1|         array|
|lane_off_1_d0         |  out|   10|   ap_memory|               lane_off_1|         array|
|lane_off_1_address1   |  out|    8|   ap_memory|               lane_off_1|         array|
|lane_off_1_ce1        |  out|    1|   ap_memory|               lane_off_1|         array|
|lane_off_1_we1        |  out|    1|   ap_memory|               lane_off_1|         array|
|lane_off_1_d1         |  out|   10|   ap_memory|               lane_off_1|         array|
|lane_off_address0     |  out|    8|   ap_memory|                 lane_off|         array|
|lane_off_ce0          |  out|    1|   ap_memory|                 lane_off|         array|
|lane_off_we0          |  out|    1|   ap_memory|                 lane_off|         array|
|lane_off_d0           |  out|    1|   ap_memory|                 lane_off|         array|
|lane_off_address1     |  out|    8|   ap_memory|                 lane_off|         array|
|lane_off_ce1          |  out|    1|   ap_memory|                 lane_off|         array|
|lane_off_we1          |  out|    1|   ap_memory|                 lane_off|         array|
|lane_off_d1           |  out|    1|   ap_memory|                 lane_off|         array|
|hist_address0         |  out|    8|   ap_memory|                     hist|         array|
|hist_ce0              |  out|    1|   ap_memory|                     hist|         array|
|hist_q0               |   in|   10|   ap_memory|                     hist|         array|
|hist_address1         |  out|    8|   ap_memory|                     hist|         array|
|hist_ce1              |  out|    1|   ap_memory|                     hist|         array|
|hist_q1               |   in|   10|   ap_memory|                     hist|         array|
|hist_1_address0       |  out|    8|   ap_memory|                   hist_1|         array|
|hist_1_ce0            |  out|    1|   ap_memory|                   hist_1|         array|
|hist_1_q0             |   in|   10|   ap_memory|                   hist_1|         array|
|hist_1_address1       |  out|    8|   ap_memory|                   hist_1|         array|
|hist_1_ce1            |  out|    1|   ap_memory|                   hist_1|         array|
|hist_1_q1             |   in|   10|   ap_memory|                   hist_1|         array|
|hist_2_address0       |  out|    8|   ap_memory|                   hist_2|         array|
|hist_2_ce0            |  out|    1|   ap_memory|                   hist_2|         array|
|hist_2_q0             |   in|   10|   ap_memory|                   hist_2|         array|
|hist_2_address1       |  out|    8|   ap_memory|                   hist_2|         array|
|hist_2_ce1            |  out|    1|   ap_memory|                   hist_2|         array|
|hist_2_q1             |   in|   10|   ap_memory|                   hist_2|         array|
|hist_3_address0       |  out|    8|   ap_memory|                   hist_3|         array|
|hist_3_ce0            |  out|    1|   ap_memory|                   hist_3|         array|
|hist_3_q0             |   in|   10|   ap_memory|                   hist_3|         array|
|hist_3_address1       |  out|    8|   ap_memory|                   hist_3|         array|
|hist_3_ce1            |  out|    1|   ap_memory|                   hist_3|         array|
|hist_3_q1             |   in|   10|   ap_memory|                   hist_3|         array|
|hist_4_address0       |  out|    8|   ap_memory|                   hist_4|         array|
|hist_4_ce0            |  out|    1|   ap_memory|                   hist_4|         array|
|hist_4_q0             |   in|   10|   ap_memory|                   hist_4|         array|
|hist_4_address1       |  out|    8|   ap_memory|                   hist_4|         array|
|hist_4_ce1            |  out|    1|   ap_memory|                   hist_4|         array|
|hist_4_q1             |   in|   10|   ap_memory|                   hist_4|         array|
|hist_5_address0       |  out|    8|   ap_memory|                   hist_5|         array|
|hist_5_ce0            |  out|    1|   ap_memory|                   hist_5|         array|
|hist_5_q0             |   in|   10|   ap_memory|                   hist_5|         array|
|hist_5_address1       |  out|    8|   ap_memory|                   hist_5|         array|
|hist_5_ce1            |  out|    1|   ap_memory|                   hist_5|         array|
|hist_5_q1             |   in|   10|   ap_memory|                   hist_5|         array|
|hist_6_address0       |  out|    8|   ap_memory|                   hist_6|         array|
|hist_6_ce0            |  out|    1|   ap_memory|                   hist_6|         array|
|hist_6_q0             |   in|   10|   ap_memory|                   hist_6|         array|
|hist_6_address1       |  out|    8|   ap_memory|                   hist_6|         array|
|hist_6_ce1            |  out|    1|   ap_memory|                   hist_6|         array|
|hist_6_q1             |   in|   10|   ap_memory|                   hist_6|         array|
|hist_7_address0       |  out|    8|   ap_memory|                   hist_7|         array|
|hist_7_ce0            |  out|    1|   ap_memory|                   hist_7|         array|
|hist_7_q0             |   in|   10|   ap_memory|                   hist_7|         array|
|hist_7_address1       |  out|    8|   ap_memory|                   hist_7|         array|
|hist_7_ce1            |  out|    1|   ap_memory|                   hist_7|         array|
|hist_7_q1             |   in|   10|   ap_memory|                   hist_7|         array|
|hist_8_address0       |  out|    8|   ap_memory|                   hist_8|         array|
|hist_8_ce0            |  out|    1|   ap_memory|                   hist_8|         array|
|hist_8_q0             |   in|   10|   ap_memory|                   hist_8|         array|
|hist_8_address1       |  out|    8|   ap_memory|                   hist_8|         array|
|hist_8_ce1            |  out|    1|   ap_memory|                   hist_8|         array|
|hist_8_q1             |   in|   10|   ap_memory|                   hist_8|         array|
|hist_9_address0       |  out|    8|   ap_memory|                   hist_9|         array|
|hist_9_ce0            |  out|    1|   ap_memory|                   hist_9|         array|
|hist_9_q0             |   in|   10|   ap_memory|                   hist_9|         array|
|hist_9_address1       |  out|    8|   ap_memory|                   hist_9|         array|
|hist_9_ce1            |  out|    1|   ap_memory|                   hist_9|         array|
|hist_9_q1             |   in|   10|   ap_memory|                   hist_9|         array|
|hist_10_address0      |  out|    8|   ap_memory|                  hist_10|         array|
|hist_10_ce0           |  out|    1|   ap_memory|                  hist_10|         array|
|hist_10_q0            |   in|   10|   ap_memory|                  hist_10|         array|
|hist_10_address1      |  out|    8|   ap_memory|                  hist_10|         array|
|hist_10_ce1           |  out|    1|   ap_memory|                  hist_10|         array|
|hist_10_q1            |   in|   10|   ap_memory|                  hist_10|         array|
|hist_11_address0      |  out|    8|   ap_memory|                  hist_11|         array|
|hist_11_ce0           |  out|    1|   ap_memory|                  hist_11|         array|
|hist_11_q0            |   in|   10|   ap_memory|                  hist_11|         array|
|hist_11_address1      |  out|    8|   ap_memory|                  hist_11|         array|
|hist_11_ce1           |  out|    1|   ap_memory|                  hist_11|         array|
|hist_11_q1            |   in|   10|   ap_memory|                  hist_11|         array|
|hist_12_address0      |  out|    8|   ap_memory|                  hist_12|         array|
|hist_12_ce0           |  out|    1|   ap_memory|                  hist_12|         array|
|hist_12_q0            |   in|   10|   ap_memory|                  hist_12|         array|
|hist_12_address1      |  out|    8|   ap_memory|                  hist_12|         array|
|hist_12_ce1           |  out|    1|   ap_memory|                  hist_12|         array|
|hist_12_q1            |   in|   10|   ap_memory|                  hist_12|         array|
|hist_13_address0      |  out|    8|   ap_memory|                  hist_13|         array|
|hist_13_ce0           |  out|    1|   ap_memory|                  hist_13|         array|
|hist_13_q0            |   in|   10|   ap_memory|                  hist_13|         array|
|hist_13_address1      |  out|    8|   ap_memory|                  hist_13|         array|
|hist_13_ce1           |  out|    1|   ap_memory|                  hist_13|         array|
|hist_13_q1            |   in|   10|   ap_memory|                  hist_13|         array|
|hist_14_address0      |  out|    8|   ap_memory|                  hist_14|         array|
|hist_14_ce0           |  out|    1|   ap_memory|                  hist_14|         array|
|hist_14_q0            |   in|   10|   ap_memory|                  hist_14|         array|
|hist_14_address1      |  out|    8|   ap_memory|                  hist_14|         array|
|hist_14_ce1           |  out|    1|   ap_memory|                  hist_14|         array|
|hist_14_q1            |   in|   10|   ap_memory|                  hist_14|         array|
|base_167_out          |  out|   10|      ap_vld|             base_167_out|       pointer|
|base_167_out_ap_vld   |  out|    1|      ap_vld|             base_167_out|       pointer|
|base_166_out          |  out|   10|      ap_vld|             base_166_out|       pointer|
|base_166_out_ap_vld   |  out|    1|      ap_vld|             base_166_out|       pointer|
|base_165_out          |  out|   10|      ap_vld|             base_165_out|       pointer|
|base_165_out_ap_vld   |  out|    1|      ap_vld|             base_165_out|       pointer|
|base_164_out          |  out|   10|      ap_vld|             base_164_out|       pointer|
|base_164_out_ap_vld   |  out|    1|      ap_vld|             base_164_out|       pointer|
|base_163_out          |  out|   10|      ap_vld|             base_163_out|       pointer|
|base_163_out_ap_vld   |  out|    1|      ap_vld|             base_163_out|       pointer|
|base_162_out          |  out|   10|      ap_vld|             base_162_out|       pointer|
|base_162_out_ap_vld   |  out|    1|      ap_vld|             base_162_out|       pointer|
|base_161_out          |  out|   10|      ap_vld|             base_161_out|       pointer|
|base_161_out_ap_vld   |  out|    1|      ap_vld|             base_161_out|       pointer|
|base_160_out          |  out|   10|      ap_vld|             base_160_out|       pointer|
|base_160_out_ap_vld   |  out|    1|      ap_vld|             base_160_out|       pointer|
|base_159_out          |  out|   10|      ap_vld|             base_159_out|       pointer|
|base_159_out_ap_vld   |  out|    1|      ap_vld|             base_159_out|       pointer|
|base_158_out          |  out|   10|      ap_vld|             base_158_out|       pointer|
|base_158_out_ap_vld   |  out|    1|      ap_vld|             base_158_out|       pointer|
|base_157_out          |  out|   10|      ap_vld|             base_157_out|       pointer|
|base_157_out_ap_vld   |  out|    1|      ap_vld|             base_157_out|       pointer|
|base_156_out          |  out|   10|      ap_vld|             base_156_out|       pointer|
|base_156_out_ap_vld   |  out|    1|      ap_vld|             base_156_out|       pointer|
|base_155_out          |  out|   10|      ap_vld|             base_155_out|       pointer|
|base_155_out_ap_vld   |  out|    1|      ap_vld|             base_155_out|       pointer|
|base_154_out          |  out|   10|      ap_vld|             base_154_out|       pointer|
|base_154_out_ap_vld   |  out|    1|      ap_vld|             base_154_out|       pointer|
|base_153_out          |  out|   10|      ap_vld|             base_153_out|       pointer|
|base_153_out_ap_vld   |  out|    1|      ap_vld|             base_153_out|       pointer|
|base_152_out          |  out|   10|      ap_vld|             base_152_out|       pointer|
|base_152_out_ap_vld   |  out|    1|      ap_vld|             base_152_out|       pointer|
|base_151_out          |  out|   10|      ap_vld|             base_151_out|       pointer|
|base_151_out_ap_vld   |  out|    1|      ap_vld|             base_151_out|       pointer|
|base_150_out          |  out|   10|      ap_vld|             base_150_out|       pointer|
|base_150_out_ap_vld   |  out|    1|      ap_vld|             base_150_out|       pointer|
|base_149_out          |  out|   10|      ap_vld|             base_149_out|       pointer|
|base_149_out_ap_vld   |  out|    1|      ap_vld|             base_149_out|       pointer|
|base_148_out          |  out|   10|      ap_vld|             base_148_out|       pointer|
|base_148_out_ap_vld   |  out|    1|      ap_vld|             base_148_out|       pointer|
|base_147_out          |  out|   10|      ap_vld|             base_147_out|       pointer|
|base_147_out_ap_vld   |  out|    1|      ap_vld|             base_147_out|       pointer|
|base_146_out          |  out|   10|      ap_vld|             base_146_out|       pointer|
|base_146_out_ap_vld   |  out|    1|      ap_vld|             base_146_out|       pointer|
|base_145_out          |  out|   10|      ap_vld|             base_145_out|       pointer|
|base_145_out_ap_vld   |  out|    1|      ap_vld|             base_145_out|       pointer|
|base_144_out          |  out|   10|      ap_vld|             base_144_out|       pointer|
|base_144_out_ap_vld   |  out|    1|      ap_vld|             base_144_out|       pointer|
|base_143_out          |  out|   10|      ap_vld|             base_143_out|       pointer|
|base_143_out_ap_vld   |  out|    1|      ap_vld|             base_143_out|       pointer|
|base_142_out          |  out|   10|      ap_vld|             base_142_out|       pointer|
|base_142_out_ap_vld   |  out|    1|      ap_vld|             base_142_out|       pointer|
|base_141_out          |  out|   10|      ap_vld|             base_141_out|       pointer|
|base_141_out_ap_vld   |  out|    1|      ap_vld|             base_141_out|       pointer|
|base_140_out          |  out|   10|      ap_vld|             base_140_out|       pointer|
|base_140_out_ap_vld   |  out|    1|      ap_vld|             base_140_out|       pointer|
|base_139_out          |  out|   10|      ap_vld|             base_139_out|       pointer|
|base_139_out_ap_vld   |  out|    1|      ap_vld|             base_139_out|       pointer|
|base_138_out          |  out|   10|      ap_vld|             base_138_out|       pointer|
|base_138_out_ap_vld   |  out|    1|      ap_vld|             base_138_out|       pointer|
|base_137_out          |  out|   10|      ap_vld|             base_137_out|       pointer|
|base_137_out_ap_vld   |  out|    1|      ap_vld|             base_137_out|       pointer|
|base_136_out          |  out|   10|      ap_vld|             base_136_out|       pointer|
|base_136_out_ap_vld   |  out|    1|      ap_vld|             base_136_out|       pointer|
|base_135_out          |  out|   10|      ap_vld|             base_135_out|       pointer|
|base_135_out_ap_vld   |  out|    1|      ap_vld|             base_135_out|       pointer|
|base_134_out          |  out|   10|      ap_vld|             base_134_out|       pointer|
|base_134_out_ap_vld   |  out|    1|      ap_vld|             base_134_out|       pointer|
|base_133_out          |  out|   10|      ap_vld|             base_133_out|       pointer|
|base_133_out_ap_vld   |  out|    1|      ap_vld|             base_133_out|       pointer|
|base_132_out          |  out|   10|      ap_vld|             base_132_out|       pointer|
|base_132_out_ap_vld   |  out|    1|      ap_vld|             base_132_out|       pointer|
|base_131_out          |  out|   10|      ap_vld|             base_131_out|       pointer|
|base_131_out_ap_vld   |  out|    1|      ap_vld|             base_131_out|       pointer|
|base_130_out          |  out|   10|      ap_vld|             base_130_out|       pointer|
|base_130_out_ap_vld   |  out|    1|      ap_vld|             base_130_out|       pointer|
|base_129_out          |  out|   10|      ap_vld|             base_129_out|       pointer|
|base_129_out_ap_vld   |  out|    1|      ap_vld|             base_129_out|       pointer|
|base_128_out          |  out|   10|      ap_vld|             base_128_out|       pointer|
|base_128_out_ap_vld   |  out|    1|      ap_vld|             base_128_out|       pointer|
|base_127_out          |  out|   10|      ap_vld|             base_127_out|       pointer|
|base_127_out_ap_vld   |  out|    1|      ap_vld|             base_127_out|       pointer|
|base_126_out          |  out|   10|      ap_vld|             base_126_out|       pointer|
|base_126_out_ap_vld   |  out|    1|      ap_vld|             base_126_out|       pointer|
|base_125_out          |  out|   10|      ap_vld|             base_125_out|       pointer|
|base_125_out_ap_vld   |  out|    1|      ap_vld|             base_125_out|       pointer|
|base_124_out          |  out|   10|      ap_vld|             base_124_out|       pointer|
|base_124_out_ap_vld   |  out|    1|      ap_vld|             base_124_out|       pointer|
|base_123_out          |  out|   10|      ap_vld|             base_123_out|       pointer|
|base_123_out_ap_vld   |  out|    1|      ap_vld|             base_123_out|       pointer|
|base_122_out          |  out|   10|      ap_vld|             base_122_out|       pointer|
|base_122_out_ap_vld   |  out|    1|      ap_vld|             base_122_out|       pointer|
|base_121_out          |  out|   10|      ap_vld|             base_121_out|       pointer|
|base_121_out_ap_vld   |  out|    1|      ap_vld|             base_121_out|       pointer|
|base_120_out          |  out|   10|      ap_vld|             base_120_out|       pointer|
|base_120_out_ap_vld   |  out|    1|      ap_vld|             base_120_out|       pointer|
|base_119_out          |  out|   10|      ap_vld|             base_119_out|       pointer|
|base_119_out_ap_vld   |  out|    1|      ap_vld|             base_119_out|       pointer|
|base_118_out          |  out|   10|      ap_vld|             base_118_out|       pointer|
|base_118_out_ap_vld   |  out|    1|      ap_vld|             base_118_out|       pointer|
|base_117_out          |  out|   10|      ap_vld|             base_117_out|       pointer|
|base_117_out_ap_vld   |  out|    1|      ap_vld|             base_117_out|       pointer|
|base_116_out          |  out|   10|      ap_vld|             base_116_out|       pointer|
|base_116_out_ap_vld   |  out|    1|      ap_vld|             base_116_out|       pointer|
|base_115_out          |  out|   10|      ap_vld|             base_115_out|       pointer|
|base_115_out_ap_vld   |  out|    1|      ap_vld|             base_115_out|       pointer|
|base_114_out          |  out|   10|      ap_vld|             base_114_out|       pointer|
|base_114_out_ap_vld   |  out|    1|      ap_vld|             base_114_out|       pointer|
|base_113_out          |  out|   10|      ap_vld|             base_113_out|       pointer|
|base_113_out_ap_vld   |  out|    1|      ap_vld|             base_113_out|       pointer|
|base_112_out          |  out|   10|      ap_vld|             base_112_out|       pointer|
|base_112_out_ap_vld   |  out|    1|      ap_vld|             base_112_out|       pointer|
|base_111_out          |  out|   10|      ap_vld|             base_111_out|       pointer|
|base_111_out_ap_vld   |  out|    1|      ap_vld|             base_111_out|       pointer|
|base_110_out          |  out|   10|      ap_vld|             base_110_out|       pointer|
|base_110_out_ap_vld   |  out|    1|      ap_vld|             base_110_out|       pointer|
|base_109_out          |  out|   10|      ap_vld|             base_109_out|       pointer|
|base_109_out_ap_vld   |  out|    1|      ap_vld|             base_109_out|       pointer|
|base_108_out          |  out|   10|      ap_vld|             base_108_out|       pointer|
|base_108_out_ap_vld   |  out|    1|      ap_vld|             base_108_out|       pointer|
|base_107_out          |  out|   10|      ap_vld|             base_107_out|       pointer|
|base_107_out_ap_vld   |  out|    1|      ap_vld|             base_107_out|       pointer|
|base_106_out          |  out|   10|      ap_vld|             base_106_out|       pointer|
|base_106_out_ap_vld   |  out|    1|      ap_vld|             base_106_out|       pointer|
|base_105_out          |  out|   10|      ap_vld|             base_105_out|       pointer|
|base_105_out_ap_vld   |  out|    1|      ap_vld|             base_105_out|       pointer|
|base_104_out          |  out|   10|      ap_vld|             base_104_out|       pointer|
|base_104_out_ap_vld   |  out|    1|      ap_vld|             base_104_out|       pointer|
|base_103_out          |  out|   10|      ap_vld|             base_103_out|       pointer|
|base_103_out_ap_vld   |  out|    1|      ap_vld|             base_103_out|       pointer|
|base_102_out          |  out|   10|      ap_vld|             base_102_out|       pointer|
|base_102_out_ap_vld   |  out|    1|      ap_vld|             base_102_out|       pointer|
|base_101_out          |  out|   10|      ap_vld|             base_101_out|       pointer|
|base_101_out_ap_vld   |  out|    1|      ap_vld|             base_101_out|       pointer|
|base_100_out          |  out|   10|      ap_vld|             base_100_out|       pointer|
|base_100_out_ap_vld   |  out|    1|      ap_vld|             base_100_out|       pointer|
|base_99_out           |  out|   10|      ap_vld|              base_99_out|       pointer|
|base_99_out_ap_vld    |  out|    1|      ap_vld|              base_99_out|       pointer|
|base_98_out           |  out|   10|      ap_vld|              base_98_out|       pointer|
|base_98_out_ap_vld    |  out|    1|      ap_vld|              base_98_out|       pointer|
|base_97_out           |  out|   10|      ap_vld|              base_97_out|       pointer|
|base_97_out_ap_vld    |  out|    1|      ap_vld|              base_97_out|       pointer|
|base_96_out           |  out|   10|      ap_vld|              base_96_out|       pointer|
|base_96_out_ap_vld    |  out|    1|      ap_vld|              base_96_out|       pointer|
|base_95_out           |  out|   10|      ap_vld|              base_95_out|       pointer|
|base_95_out_ap_vld    |  out|    1|      ap_vld|              base_95_out|       pointer|
|base_94_out           |  out|   10|      ap_vld|              base_94_out|       pointer|
|base_94_out_ap_vld    |  out|    1|      ap_vld|              base_94_out|       pointer|
|base_93_out           |  out|   10|      ap_vld|              base_93_out|       pointer|
|base_93_out_ap_vld    |  out|    1|      ap_vld|              base_93_out|       pointer|
|base_92_out           |  out|   10|      ap_vld|              base_92_out|       pointer|
|base_92_out_ap_vld    |  out|    1|      ap_vld|              base_92_out|       pointer|
|base_91_out           |  out|   10|      ap_vld|              base_91_out|       pointer|
|base_91_out_ap_vld    |  out|    1|      ap_vld|              base_91_out|       pointer|
|base_90_out           |  out|   10|      ap_vld|              base_90_out|       pointer|
|base_90_out_ap_vld    |  out|    1|      ap_vld|              base_90_out|       pointer|
|base_89_out           |  out|   10|      ap_vld|              base_89_out|       pointer|
|base_89_out_ap_vld    |  out|    1|      ap_vld|              base_89_out|       pointer|
|base_88_out           |  out|   10|      ap_vld|              base_88_out|       pointer|
|base_88_out_ap_vld    |  out|    1|      ap_vld|              base_88_out|       pointer|
|base_87_out           |  out|   10|      ap_vld|              base_87_out|       pointer|
|base_87_out_ap_vld    |  out|    1|      ap_vld|              base_87_out|       pointer|
|base_86_out           |  out|   10|      ap_vld|              base_86_out|       pointer|
|base_86_out_ap_vld    |  out|    1|      ap_vld|              base_86_out|       pointer|
|base_85_out           |  out|   10|      ap_vld|              base_85_out|       pointer|
|base_85_out_ap_vld    |  out|    1|      ap_vld|              base_85_out|       pointer|
|base_84_out           |  out|   10|      ap_vld|              base_84_out|       pointer|
|base_84_out_ap_vld    |  out|    1|      ap_vld|              base_84_out|       pointer|
|base_83_out           |  out|   10|      ap_vld|              base_83_out|       pointer|
|base_83_out_ap_vld    |  out|    1|      ap_vld|              base_83_out|       pointer|
|base_82_out           |  out|   10|      ap_vld|              base_82_out|       pointer|
|base_82_out_ap_vld    |  out|    1|      ap_vld|              base_82_out|       pointer|
|base_81_out           |  out|   10|      ap_vld|              base_81_out|       pointer|
|base_81_out_ap_vld    |  out|    1|      ap_vld|              base_81_out|       pointer|
|base_80_out           |  out|   10|      ap_vld|              base_80_out|       pointer|
|base_80_out_ap_vld    |  out|    1|      ap_vld|              base_80_out|       pointer|
|base_79_out           |  out|   10|      ap_vld|              base_79_out|       pointer|
|base_79_out_ap_vld    |  out|    1|      ap_vld|              base_79_out|       pointer|
|base_78_out           |  out|   10|      ap_vld|              base_78_out|       pointer|
|base_78_out_ap_vld    |  out|    1|      ap_vld|              base_78_out|       pointer|
|base_77_out           |  out|   10|      ap_vld|              base_77_out|       pointer|
|base_77_out_ap_vld    |  out|    1|      ap_vld|              base_77_out|       pointer|
|base_76_out           |  out|   10|      ap_vld|              base_76_out|       pointer|
|base_76_out_ap_vld    |  out|    1|      ap_vld|              base_76_out|       pointer|
|base_75_out           |  out|   10|      ap_vld|              base_75_out|       pointer|
|base_75_out_ap_vld    |  out|    1|      ap_vld|              base_75_out|       pointer|
|base_74_out           |  out|   10|      ap_vld|              base_74_out|       pointer|
|base_74_out_ap_vld    |  out|    1|      ap_vld|              base_74_out|       pointer|
|base_73_out           |  out|   10|      ap_vld|              base_73_out|       pointer|
|base_73_out_ap_vld    |  out|    1|      ap_vld|              base_73_out|       pointer|
|base_72_out           |  out|   10|      ap_vld|              base_72_out|       pointer|
|base_72_out_ap_vld    |  out|    1|      ap_vld|              base_72_out|       pointer|
|base_71_out           |  out|   10|      ap_vld|              base_71_out|       pointer|
|base_71_out_ap_vld    |  out|    1|      ap_vld|              base_71_out|       pointer|
|base_70_out           |  out|   10|      ap_vld|              base_70_out|       pointer|
|base_70_out_ap_vld    |  out|    1|      ap_vld|              base_70_out|       pointer|
|base_69_out           |  out|   10|      ap_vld|              base_69_out|       pointer|
|base_69_out_ap_vld    |  out|    1|      ap_vld|              base_69_out|       pointer|
|base_68_out           |  out|   10|      ap_vld|              base_68_out|       pointer|
|base_68_out_ap_vld    |  out|    1|      ap_vld|              base_68_out|       pointer|
|base_67_out           |  out|   10|      ap_vld|              base_67_out|       pointer|
|base_67_out_ap_vld    |  out|    1|      ap_vld|              base_67_out|       pointer|
|base_66_out           |  out|   10|      ap_vld|              base_66_out|       pointer|
|base_66_out_ap_vld    |  out|    1|      ap_vld|              base_66_out|       pointer|
|base_65_out           |  out|   10|      ap_vld|              base_65_out|       pointer|
|base_65_out_ap_vld    |  out|    1|      ap_vld|              base_65_out|       pointer|
|base_64_out           |  out|   10|      ap_vld|              base_64_out|       pointer|
|base_64_out_ap_vld    |  out|    1|      ap_vld|              base_64_out|       pointer|
|base_63_out           |  out|   10|      ap_vld|              base_63_out|       pointer|
|base_63_out_ap_vld    |  out|    1|      ap_vld|              base_63_out|       pointer|
|base_62_out           |  out|   10|      ap_vld|              base_62_out|       pointer|
|base_62_out_ap_vld    |  out|    1|      ap_vld|              base_62_out|       pointer|
|base_61_out           |  out|   10|      ap_vld|              base_61_out|       pointer|
|base_61_out_ap_vld    |  out|    1|      ap_vld|              base_61_out|       pointer|
|base_60_out           |  out|   10|      ap_vld|              base_60_out|       pointer|
|base_60_out_ap_vld    |  out|    1|      ap_vld|              base_60_out|       pointer|
|base_59_out           |  out|   10|      ap_vld|              base_59_out|       pointer|
|base_59_out_ap_vld    |  out|    1|      ap_vld|              base_59_out|       pointer|
|base_58_out           |  out|   10|      ap_vld|              base_58_out|       pointer|
|base_58_out_ap_vld    |  out|    1|      ap_vld|              base_58_out|       pointer|
|base_57_out           |  out|   10|      ap_vld|              base_57_out|       pointer|
|base_57_out_ap_vld    |  out|    1|      ap_vld|              base_57_out|       pointer|
|base_56_out           |  out|   10|      ap_vld|              base_56_out|       pointer|
|base_56_out_ap_vld    |  out|    1|      ap_vld|              base_56_out|       pointer|
|base_55_out           |  out|   10|      ap_vld|              base_55_out|       pointer|
|base_55_out_ap_vld    |  out|    1|      ap_vld|              base_55_out|       pointer|
|base_54_out           |  out|   10|      ap_vld|              base_54_out|       pointer|
|base_54_out_ap_vld    |  out|    1|      ap_vld|              base_54_out|       pointer|
|base_53_out           |  out|   10|      ap_vld|              base_53_out|       pointer|
|base_53_out_ap_vld    |  out|    1|      ap_vld|              base_53_out|       pointer|
|base_52_out           |  out|   10|      ap_vld|              base_52_out|       pointer|
|base_52_out_ap_vld    |  out|    1|      ap_vld|              base_52_out|       pointer|
|base_51_out           |  out|   10|      ap_vld|              base_51_out|       pointer|
|base_51_out_ap_vld    |  out|    1|      ap_vld|              base_51_out|       pointer|
|base_50_out           |  out|   10|      ap_vld|              base_50_out|       pointer|
|base_50_out_ap_vld    |  out|    1|      ap_vld|              base_50_out|       pointer|
|base_49_out           |  out|   10|      ap_vld|              base_49_out|       pointer|
|base_49_out_ap_vld    |  out|    1|      ap_vld|              base_49_out|       pointer|
|base_48_out           |  out|   10|      ap_vld|              base_48_out|       pointer|
|base_48_out_ap_vld    |  out|    1|      ap_vld|              base_48_out|       pointer|
|base_47_out           |  out|   10|      ap_vld|              base_47_out|       pointer|
|base_47_out_ap_vld    |  out|    1|      ap_vld|              base_47_out|       pointer|
|base_46_out           |  out|   10|      ap_vld|              base_46_out|       pointer|
|base_46_out_ap_vld    |  out|    1|      ap_vld|              base_46_out|       pointer|
|base_45_out           |  out|   10|      ap_vld|              base_45_out|       pointer|
|base_45_out_ap_vld    |  out|    1|      ap_vld|              base_45_out|       pointer|
|base_44_out           |  out|   10|      ap_vld|              base_44_out|       pointer|
|base_44_out_ap_vld    |  out|    1|      ap_vld|              base_44_out|       pointer|
|base_43_out           |  out|   10|      ap_vld|              base_43_out|       pointer|
|base_43_out_ap_vld    |  out|    1|      ap_vld|              base_43_out|       pointer|
|base_42_out           |  out|   10|      ap_vld|              base_42_out|       pointer|
|base_42_out_ap_vld    |  out|    1|      ap_vld|              base_42_out|       pointer|
|base_41_out           |  out|   10|      ap_vld|              base_41_out|       pointer|
|base_41_out_ap_vld    |  out|    1|      ap_vld|              base_41_out|       pointer|
|base_40_out           |  out|   10|      ap_vld|              base_40_out|       pointer|
|base_40_out_ap_vld    |  out|    1|      ap_vld|              base_40_out|       pointer|
|base_39_out           |  out|   10|      ap_vld|              base_39_out|       pointer|
|base_39_out_ap_vld    |  out|    1|      ap_vld|              base_39_out|       pointer|
|base_38_out           |  out|   10|      ap_vld|              base_38_out|       pointer|
|base_38_out_ap_vld    |  out|    1|      ap_vld|              base_38_out|       pointer|
|base_37_out           |  out|   10|      ap_vld|              base_37_out|       pointer|
|base_37_out_ap_vld    |  out|    1|      ap_vld|              base_37_out|       pointer|
|base_36_out           |  out|   10|      ap_vld|              base_36_out|       pointer|
|base_36_out_ap_vld    |  out|    1|      ap_vld|              base_36_out|       pointer|
|base_35_out           |  out|   10|      ap_vld|              base_35_out|       pointer|
|base_35_out_ap_vld    |  out|    1|      ap_vld|              base_35_out|       pointer|
|base_34_out           |  out|   10|      ap_vld|              base_34_out|       pointer|
|base_34_out_ap_vld    |  out|    1|      ap_vld|              base_34_out|       pointer|
|base_33_out           |  out|   10|      ap_vld|              base_33_out|       pointer|
|base_33_out_ap_vld    |  out|    1|      ap_vld|              base_33_out|       pointer|
|base_32_out           |  out|   10|      ap_vld|              base_32_out|       pointer|
|base_32_out_ap_vld    |  out|    1|      ap_vld|              base_32_out|       pointer|
|base_31_out           |  out|   10|      ap_vld|              base_31_out|       pointer|
|base_31_out_ap_vld    |  out|    1|      ap_vld|              base_31_out|       pointer|
|base_30_out           |  out|   10|      ap_vld|              base_30_out|       pointer|
|base_30_out_ap_vld    |  out|    1|      ap_vld|              base_30_out|       pointer|
|base_29_out           |  out|   10|      ap_vld|              base_29_out|       pointer|
|base_29_out_ap_vld    |  out|    1|      ap_vld|              base_29_out|       pointer|
|base_28_out           |  out|   10|      ap_vld|              base_28_out|       pointer|
|base_28_out_ap_vld    |  out|    1|      ap_vld|              base_28_out|       pointer|
|base_27_out           |  out|   10|      ap_vld|              base_27_out|       pointer|
|base_27_out_ap_vld    |  out|    1|      ap_vld|              base_27_out|       pointer|
|base_26_out           |  out|   10|      ap_vld|              base_26_out|       pointer|
|base_26_out_ap_vld    |  out|    1|      ap_vld|              base_26_out|       pointer|
|base_25_out           |  out|   10|      ap_vld|              base_25_out|       pointer|
|base_25_out_ap_vld    |  out|    1|      ap_vld|              base_25_out|       pointer|
|base_24_out           |  out|   10|      ap_vld|              base_24_out|       pointer|
|base_24_out_ap_vld    |  out|    1|      ap_vld|              base_24_out|       pointer|
|base_23_out           |  out|   10|      ap_vld|              base_23_out|       pointer|
|base_23_out_ap_vld    |  out|    1|      ap_vld|              base_23_out|       pointer|
|base_22_out           |  out|   10|      ap_vld|              base_22_out|       pointer|
|base_22_out_ap_vld    |  out|    1|      ap_vld|              base_22_out|       pointer|
|base_21_out           |  out|   10|      ap_vld|              base_21_out|       pointer|
|base_21_out_ap_vld    |  out|    1|      ap_vld|              base_21_out|       pointer|
|base_20_out           |  out|   10|      ap_vld|              base_20_out|       pointer|
|base_20_out_ap_vld    |  out|    1|      ap_vld|              base_20_out|       pointer|
|base_19_out           |  out|   10|      ap_vld|              base_19_out|       pointer|
|base_19_out_ap_vld    |  out|    1|      ap_vld|              base_19_out|       pointer|
|base_18_out           |  out|   10|      ap_vld|              base_18_out|       pointer|
|base_18_out_ap_vld    |  out|    1|      ap_vld|              base_18_out|       pointer|
|base_17_out           |  out|   10|      ap_vld|              base_17_out|       pointer|
|base_17_out_ap_vld    |  out|    1|      ap_vld|              base_17_out|       pointer|
|base_16_out           |  out|   10|      ap_vld|              base_16_out|       pointer|
|base_16_out_ap_vld    |  out|    1|      ap_vld|              base_16_out|       pointer|
|base_15_out           |  out|   10|      ap_vld|              base_15_out|       pointer|
|base_15_out_ap_vld    |  out|    1|      ap_vld|              base_15_out|       pointer|
|base_14_out           |  out|   10|      ap_vld|              base_14_out|       pointer|
|base_14_out_ap_vld    |  out|    1|      ap_vld|              base_14_out|       pointer|
|base_13_out           |  out|   10|      ap_vld|              base_13_out|       pointer|
|base_13_out_ap_vld    |  out|    1|      ap_vld|              base_13_out|       pointer|
|base_12_out           |  out|   10|      ap_vld|              base_12_out|       pointer|
|base_12_out_ap_vld    |  out|    1|      ap_vld|              base_12_out|       pointer|
|base_11_out           |  out|   10|      ap_vld|              base_11_out|       pointer|
|base_11_out_ap_vld    |  out|    1|      ap_vld|              base_11_out|       pointer|
|base_10_out           |  out|   10|      ap_vld|              base_10_out|       pointer|
|base_10_out_ap_vld    |  out|    1|      ap_vld|              base_10_out|       pointer|
|base_9_out            |  out|   10|      ap_vld|               base_9_out|       pointer|
|base_9_out_ap_vld     |  out|    1|      ap_vld|               base_9_out|       pointer|
|base_8_out            |  out|   10|      ap_vld|               base_8_out|       pointer|
|base_8_out_ap_vld     |  out|    1|      ap_vld|               base_8_out|       pointer|
|base_7_out            |  out|   10|      ap_vld|               base_7_out|       pointer|
|base_7_out_ap_vld     |  out|    1|      ap_vld|               base_7_out|       pointer|
|base_6_out            |  out|   10|      ap_vld|               base_6_out|       pointer|
|base_6_out_ap_vld     |  out|    1|      ap_vld|               base_6_out|       pointer|
|base_5_out            |  out|   10|      ap_vld|               base_5_out|       pointer|
|base_5_out_ap_vld     |  out|    1|      ap_vld|               base_5_out|       pointer|
|base_4_out            |  out|   10|      ap_vld|               base_4_out|       pointer|
|base_4_out_ap_vld     |  out|    1|      ap_vld|               base_4_out|       pointer|
|base_3_out            |  out|   10|      ap_vld|               base_3_out|       pointer|
|base_3_out_ap_vld     |  out|    1|      ap_vld|               base_3_out|       pointer|
|base_2_out            |  out|   10|      ap_vld|               base_2_out|       pointer|
|base_2_out_ap_vld     |  out|    1|      ap_vld|               base_2_out|       pointer|
|base_1_out            |  out|   10|      ap_vld|               base_1_out|       pointer|
|base_1_out_ap_vld     |  out|    1|      ap_vld|               base_1_out|       pointer|
|base_out              |  out|   10|      ap_vld|                 base_out|       pointer|
|base_out_ap_vld       |  out|    1|      ap_vld|                 base_out|       pointer|
+----------------------+-----+-----+------------+-------------------------+--------------+

